background_3.png
______________________##________________________________________________________
______________________##________________________________________________________
________##____________##________________________________________________________
________##____________##_____________________###________________________________
________##____###_____##________###__________###________________________________
______________###_____##_____________________###______________##________________
______________###_____##_____________________###________________________________
_____###______###_____##_____________________###___________##___________________
______________###_____##___##________________###________________________________
___##___###___###__________________________########_______________#_____________
______________######_________________________###______###_______________________
___________P__######_________________________###___________________________E____
#_____##############______######_____________###________________________########
#_____##############______######_____________###________________________########
####################______######_____________###________________________########