background_4.png
________________________________________________________________________________
________________________________________________________________________________
________________________________________________________________________________
__________________________________________________________________#_____________
__________________________________________________________________#_____________
_____________________________________________________________##___#_____________
__________________________________________________________________#_____________
_____###_____##__________###_________________###__________________#_____________
__________________________________________________________________#_____________
___##___###_____________________________###_____###_______________#_____________
______________###_____________________________________###_________#_____________
___________P_______________________________________________________________E____
#______############_____________________________________________________########
#_____#############_____________________________________________________########
###################_____________________________________________________########