background_2.png
________________________________________________________________________________
________________________________________________________________________________
________________________________________________________________________________
__E_____________________________________________________________________________
__###___________________________________________________________________________
________________________________________________________________________________
____________________##__________________________________________________________
_______________##________###_______________________________##___________________
________________________________________________________________________________
________###_________________###____________##___###______________##_____________
______________###_____________________________________###_______________________
________________________________________________________________________________
#______#############___________#########____________________#___________########
#_____##############___________#########________________________________########
####################___________#########________________________________########